
================= DEBUG INFO: HOURS & SALARY (Free Employees) =================
Employee 'Jeff Thompson': total hours = 346,  total cost = 2111475
Employee 'Kristinn R. Thórisson': total hours = 532,  total cost = 2908125
Employee 'Goncalo Carvalho': total hours = 1776,  total cost = 7550000
Employee 'Mário Correia': total hours = 1019,  total cost = 2974688
Employee 'Arash Sheikhlar': total hours = 0,  total cost = 0
Employee 'Marta Abad Torrent': total hours = 1075,  total cost = 2735547

ALL FREE EMPLOYEES COMBINED: total R&D hours = 4748
ALL FREE EMPLOYEES COMBINED: total NonR&D hours = 0
ALL FREE EMPLOYEES COMBINED: total hours = 4748
ALL FREE EMPLOYEES COMBINED:  total cost = 18279834
===============================================================================


================= DEBUG INFO: HOURS & SALARY (Locked Employees) =================
No locked employees for this breakdown.
===============================================================================


================= DEBUG INFO: HOURS & SALARY (ALL Employees) =================
ALL EMPLOYEES COMBINED: total R&D hours = 4748
ALL EMPLOYEES COMBINED: total NonR&D hours = 0
ALL EMPLOYEES COMBINED: total hours = 4748
ALL EMPLOYEES COMBINED:  total cost = 18279834
===============================================================================


================= DEBUG INFO: PROJECT TARGETS & LOCKED CONTRIBUTIONS =================
Project 'EURIDICE': Target Cost = 52982264
  No employees directly locked to Project 'EURIDICE'.
  ----------------------------------------------------------
Project 'ICE-ID': Target Cost = 3000000
  No employees directly locked to Project 'ICE-ID'.
  ----------------------------------------------------------
Project 'FRESH-ID': Target Cost = 26426000
  No employees directly locked to Project 'FRESH-ID'.
  ----------------------------------------------------------
Project 'AI-STYLIST': Target Cost = 22580000
  No employees directly locked to Project 'AI-STYLIST'.
  ----------------------------------------------------------
Project 'TRACKWELL': Target Cost = 48004500
  No employees directly locked to Project 'TRACKWELL'.
  ----------------------------------------------------------
====================================================================================


================= DEBUG INFO: HOURS & COSTS PER PROJECT (Employee Availability) =================
Project 'EURIDICE': Target Cost = 52982264
  Employee Contributions (based on their total available hours):
    - Jeff Thompson: Total Avail. Hours = 346 (R&D: 346, NonR&D: 0), Cost of these hours = 2111475
    - Kristinn R. Thórisson: Total Avail. Hours = 532 (R&D: 532, NonR&D: 0), Cost of these hours = 2908125
    - Goncalo Carvalho: Total Avail. Hours = 1776 (R&D: 1776, NonR&D: 0), Cost of these hours = 7550000
    - Mário Correia: Total Avail. Hours = 1019 (R&D: 1019, NonR&D: 0), Cost of these hours = 2974688
    - Arash Sheikhlar: Total Avail. Hours = 0 (R&D: 0, NonR&D: 0), Cost of these hours = 0
    - Marta Abad Torrent: Total Avail. Hours = 1075 (R&D: 1075, NonR&D: 0), Cost of these hours = 2735547
  Overall  Pool for 'EURIDICE' (sum of all employees' total avail. hours):
    Total Hours = 4748 (R&D: 4748, NonR&D: 0)
    Associated Cost = 18279834
  -----------------------------------------------------------------------------------
Project 'ICE-ID': Target Cost = 3000000
  Employee Contributions (based on their total available hours):
    - Jeff Thompson: Total Avail. Hours = 346 (R&D: 346, NonR&D: 0), Cost of these hours = 2111475
    - Kristinn R. Thórisson: Total Avail. Hours = 532 (R&D: 532, NonR&D: 0), Cost of these hours = 2908125
    - Goncalo Carvalho: Total Avail. Hours = 1776 (R&D: 1776, NonR&D: 0), Cost of these hours = 7550000
    - Mário Correia: Total Avail. Hours = 1019 (R&D: 1019, NonR&D: 0), Cost of these hours = 2974688
    - Arash Sheikhlar: Total Avail. Hours = 0 (R&D: 0, NonR&D: 0), Cost of these hours = 0
    - Marta Abad Torrent: Total Avail. Hours = 1075 (R&D: 1075, NonR&D: 0), Cost of these hours = 2735547
  Overall  Pool for 'ICE-ID' (sum of all employees' total avail. hours):
    Total Hours = 4748 (R&D: 4748, NonR&D: 0)
    Associated Cost = 18279834
  -----------------------------------------------------------------------------------
Project 'FRESH-ID': Target Cost = 26426000
  Employee Contributions (based on their total available hours):
    - Jeff Thompson: Total Avail. Hours = 346 (R&D: 346, NonR&D: 0), Cost of these hours = 2111475
    - Kristinn R. Thórisson: Total Avail. Hours = 532 (R&D: 532, NonR&D: 0), Cost of these hours = 2908125
    - Goncalo Carvalho: Total Avail. Hours = 1776 (R&D: 1776, NonR&D: 0), Cost of these hours = 7550000
    - Mário Correia: Total Avail. Hours = 1019 (R&D: 1019, NonR&D: 0), Cost of these hours = 2974688
    - Arash Sheikhlar: Total Avail. Hours = 0 (R&D: 0, NonR&D: 0), Cost of these hours = 0
    - Marta Abad Torrent: Total Avail. Hours = 1075 (R&D: 1075, NonR&D: 0), Cost of these hours = 2735547
  Overall  Pool for 'FRESH-ID' (sum of all employees' total avail. hours):
    Total Hours = 4748 (R&D: 4748, NonR&D: 0)
    Associated Cost = 18279834
  -----------------------------------------------------------------------------------
Project 'AI-STYLIST': Target Cost = 22580000
  Employee Contributions (based on their total available hours):
    - Jeff Thompson: Total Avail. Hours = 346 (R&D: 346, NonR&D: 0), Cost of these hours = 2111475
    - Kristinn R. Thórisson: Total Avail. Hours = 532 (R&D: 532, NonR&D: 0), Cost of these hours = 2908125
    - Goncalo Carvalho: Total Avail. Hours = 1776 (R&D: 1776, NonR&D: 0), Cost of these hours = 7550000
    - Mário Correia: Total Avail. Hours = 1019 (R&D: 1019, NonR&D: 0), Cost of these hours = 2974688
    - Arash Sheikhlar: Total Avail. Hours = 0 (R&D: 0, NonR&D: 0), Cost of these hours = 0
    - Marta Abad Torrent: Total Avail. Hours = 1075 (R&D: 1075, NonR&D: 0), Cost of these hours = 2735547
  Overall  Pool for 'AI-STYLIST' (sum of all employees' total avail. hours):
    Total Hours = 4748 (R&D: 4748, NonR&D: 0)
    Associated Cost = 18279834
  -----------------------------------------------------------------------------------
Project 'TRACKWELL': Target Cost = 48004500
  Employee Contributions (based on their total available hours):
    - Jeff Thompson: Total Avail. Hours = 346 (R&D: 346, NonR&D: 0), Cost of these hours = 2111475
    - Kristinn R. Thórisson: Total Avail. Hours = 532 (R&D: 532, NonR&D: 0), Cost of these hours = 2908125
    - Goncalo Carvalho: Total Avail. Hours = 1776 (R&D: 1776, NonR&D: 0), Cost of these hours = 7550000
    - Mário Correia: Total Avail. Hours = 1019 (R&D: 1019, NonR&D: 0), Cost of these hours = 2974688
    - Arash Sheikhlar: Total Avail. Hours = 0 (R&D: 0, NonR&D: 0), Cost of these hours = 0
    - Marta Abad Torrent: Total Avail. Hours = 1075 (R&D: 1075, NonR&D: 0), Cost of these hours = 2735547
  Overall  Pool for 'TRACKWELL' (sum of all employees' total avail. hours):
    Total Hours = 4748 (R&D: 4748, NonR&D: 0)
    Associated Cost = 18279834
  -----------------------------------------------------------------------------------
==============================================================================================


================= DEBUG INFO: PER PROJECT, PER SALARY BRACKET (Summary) =================
Project: EURIDICE
  L6 (3,672 ISK/hr): Marta Abad Torrent
  L5 (4,453 ISK/hr): Mário Correia
  L3 (6,250 ISK/hr): Arash Sheikhlar, Goncalo Carvalho
  L2 (7,344 ISK/hr): Kristinn R. Thórisson
  L1 (8,985 ISK/hr): Jeff Thompson
---------------------------------------------------------------------------
Project: ICE-ID
  L6 (3,672 ISK/hr): Marta Abad Torrent
  L5 (4,453 ISK/hr): Mário Correia
  L3 (6,250 ISK/hr): Arash Sheikhlar, Goncalo Carvalho
  L2 (7,344 ISK/hr): Kristinn R. Thórisson
  L1 (8,985 ISK/hr): Jeff Thompson
---------------------------------------------------------------------------
Project: FRESH-ID
  L6 (3,672 ISK/hr): Marta Abad Torrent
  L5 (4,453 ISK/hr): Mário Correia
  L3 (6,250 ISK/hr): Arash Sheikhlar, Goncalo Carvalho
  L2 (7,344 ISK/hr): Kristinn R. Thórisson
  L1 (8,985 ISK/hr): Jeff Thompson
---------------------------------------------------------------------------
Project: AI-STYLIST
  L6 (3,672 ISK/hr): Marta Abad Torrent
  L5 (4,453 ISK/hr): Mário Correia
  L3 (6,250 ISK/hr): Arash Sheikhlar, Goncalo Carvalho
  L2 (7,344 ISK/hr): Kristinn R. Thórisson
  L1 (8,985 ISK/hr): Jeff Thompson
---------------------------------------------------------------------------
Project: TRACKWELL
  L6 (3,672 ISK/hr): Marta Abad Torrent
  L5 (4,453 ISK/hr): Mário Correia
  L3 (6,250 ISK/hr): Arash Sheikhlar, Goncalo Carvalho
  L2 (7,344 ISK/hr): Kristinn R. Thórisson
  L1 (8,985 ISK/hr): Jeff Thompson
---------------------------------------------------------------------------
========================================================================================

--- Average Non-Zero Target Cost (for scaling penalties): 30598552.80 ---

=== COST-CAPACITY VS. PROJECT LOWER-BOUNDS ===
Max cost that *could* be spent this period : 18,279,834 ISK
    from free   employees : 18,279,834
    from locked employees : 0
  – EURIDICE     needs ≥ 52,982,264  (target=52,982,264)
  – ICE-ID       needs ≥ 3,000,000  (target=3,000,000)
  – FRESH-ID     needs ≥ 26,426,000  (target=26,426,000)
  – AI-STYLIST   needs ≥ 22,580,000  (target=22,580,000)
  – TRACKWELL    needs ≥ 48,004,500  (target=48,004,500)
===========================================================

⚠️  WARNING  ⚠️  Requested MINIMUM spend exceeds absolute capacity by 172,649,185 ISK (90.4% shortfall).
   Available capacity: 18,279,834 ISK
   Required capacity:  190,929,019 ISK
   Capacity ratio:     9.6%
   The optimisation will continue, but expect large slacks in the result.

Solving with OSQP … ⠁===============================================================================
                                     CVXPY                                     
                                     v1.6.0                                    
===============================================================================
-------------------------------------------------------------------------------
                                  Compilation                                  
-------------------------------------------------------------------------------
-------------------------------------------------------------------------------
                                Numerical solver                               
-------------------------------------------------------------------------------
Solving with OSQP finished in   0.92s  (status: None)
Solving with SCS … ⠂===============================================================================
                                     CVXPY                                     
                                     v1.6.0                                    
===============================================================================
-------------------------------------------------------------------------------
                                  Compilation                                  
-------------------------------------------------------------------------------
-------------------------------------------------------------------------------
                                Numerical solver                               
-------------------------------------------------------------------------------
Solving with SCS finished in   0.79s  (status: None)
Solving with CLARABEL … ⠄===============================================================================
                                     CVXPY                                     
                                     v1.6.0                                    
===============================================================================
-------------------------------------------------------------------------------
                                  Compilation                                  
-------------------------------------------------------------------------------
-------------------------------------------------------------------------------
                                Numerical solver                               
-------------------------------------------------------------------------------
Solving with CLARABEL finished in   0.85s  (status: None)
Solving with default selection … ⡀Solving with default selection finished  (status: unbounded)
⚠️  Solver returned unbounded — continuing with last iterate (slacks will show).
ERROR: Solver status 'unbounded', but variables have no values. Falling back to budget-constrained topic-weighted allocation.

--- Enforcing Exact Hour Balance Constraints ---
--- Continuous Solution Constraint Verification (Free Employees) ---
Total Available R&D (Free Emps):   4748.0000
Total Allocated R&D (After Normalization):  4748.0000
Total Available NonR&D (Free Emps):0.0000
Total Allocated NonR&D (After Normalization):0.0000
Maximum per-employee/day R&D violation: 3.55e-15
Maximum per-employee/day NonR&D violation: 0.00e+00
✓ Hour balance constraints exactly satisfied (within numerical precision)
-----------------------------------------------------------


================= DEBUG INFO: PER PROJECT, PER EMPLOYEE, PER SALARY BRACKET (ALLOCATED HOURS) =================
Project: EURIDICE
  Employee: Jeff Thompson
    @0.00 ISK/hr → 43.29 h  (R&D 43.29 h, Non-R&D 0.00 h)
    @8,985.00 ISK/hr → 91.65 h  (R&D 91.65 h, Non-R&D 0.00 h)
  Employee: Kristinn R. Thórisson
    @0.00 ISK/hr → 53.04 h  (R&D 53.04 h, Non-R&D 0.00 h)
    @7,343.75 ISK/hr → 154.44 h  (R&D 154.44 h, Non-R&D 0.00 h)
  Employee: Goncalo Carvalho
    @0.00 ISK/hr → 221.52 h  (R&D 221.52 h, Non-R&D 0.00 h)
    @6,250.00 ISK/hr → 471.12 h  (R&D 471.12 h, Non-R&D 0.00 h)
  Employee: Mário Correia
    @0.00 ISK/hr → 136.83 h  (R&D 136.83 h, Non-R&D 0.00 h)
    @4,453.12 ISK/hr → 260.52 h  (R&D 260.52 h, Non-R&D 0.00 h)
  Employee: Marta Abad Torrent
    @0.00 ISK/hr → 128.67 h  (R&D 128.67 h, Non-R&D 0.00 h)
    @3,671.88 ISK/hr → 290.42 h  (R&D 290.42 h, Non-R&D 0.00 h)
Project: ICE-ID
  Employee: Jeff Thompson
    @0.00 ISK/hr → 1.88 h  (R&D 1.88 h, Non-R&D 0.00 h)
    @8,985.00 ISK/hr → 4.00 h  (R&D 4.00 h, Non-R&D 0.00 h)
  Employee: Kristinn R. Thórisson
    @0.00 ISK/hr → 2.29 h  (R&D 2.29 h, Non-R&D 0.00 h)
    @7,343.75 ISK/hr → 6.80 h  (R&D 6.80 h, Non-R&D 0.00 h)
  Employee: Goncalo Carvalho
    @0.00 ISK/hr → 8.52 h  (R&D 8.52 h, Non-R&D 0.00 h)
    @6,250.00 ISK/hr → 18.12 h  (R&D 18.12 h, Non-R&D 0.00 h)
  Employee: Mário Correia
    @0.00 ISK/hr → 5.61 h  (R&D 5.61 h, Non-R&D 0.00 h)
    @4,453.12 ISK/hr → 11.34 h  (R&D 11.34 h, Non-R&D 0.00 h)
  Employee: Marta Abad Torrent
    @0.00 ISK/hr → 5.40 h  (R&D 5.40 h, Non-R&D 0.00 h)
    @3,671.88 ISK/hr → 11.96 h  (R&D 11.96 h, Non-R&D 0.00 h)
Project: FRESH-ID
  Employee: Jeff Thompson
    @0.00 ISK/hr → 18.29 h  (R&D 18.29 h, Non-R&D 0.00 h)
    @8,985.00 ISK/hr → 38.90 h  (R&D 38.90 h, Non-R&D 0.00 h)
  Employee: Kristinn R. Thórisson
    @0.00 ISK/hr → 22.41 h  (R&D 22.41 h, Non-R&D 0.00 h)
    @7,343.75 ISK/hr → 65.52 h  (R&D 65.52 h, Non-R&D 0.00 h)
  Employee: Goncalo Carvalho
    @0.00 ISK/hr → 93.72 h  (R&D 93.72 h, Non-R&D 0.00 h)
    @6,250.00 ISK/hr → 199.32 h  (R&D 199.32 h, Non-R&D 0.00 h)
  Employee: Mário Correia
    @0.00 ISK/hr → 58.75 h  (R&D 58.75 h, Non-R&D 0.00 h)
    @4,453.12 ISK/hr → 111.46 h  (R&D 111.46 h, Non-R&D 0.00 h)
  Employee: Marta Abad Torrent
    @0.00 ISK/hr → 54.86 h  (R&D 54.86 h, Non-R&D 0.00 h)
    @3,671.88 ISK/hr → 124.26 h  (R&D 124.26 h, Non-R&D 0.00 h)
Project: AI-STYLIST
  Employee: Jeff Thompson
    @0.00 ISK/hr → 16.15 h  (R&D 16.15 h, Non-R&D 0.00 h)
    @8,985.00 ISK/hr → 33.90 h  (R&D 33.90 h, Non-R&D 0.00 h)
  Employee: Kristinn R. Thórisson
    @0.00 ISK/hr → 20.20 h  (R&D 20.20 h, Non-R&D 0.00 h)
    @7,343.75 ISK/hr → 57.00 h  (R&D 57.00 h, Non-R&D 0.00 h)
  Employee: Goncalo Carvalho
    @0.00 ISK/hr → 81.65 h  (R&D 81.65 h, Non-R&D 0.00 h)
    @6,250.00 ISK/hr → 173.65 h  (R&D 173.65 h, Non-R&D 0.00 h)
  Employee: Mário Correia
    @0.00 ISK/hr → 49.98 h  (R&D 49.98 h, Non-R&D 0.00 h)
    @4,453.12 ISK/hr → 93.95 h  (R&D 93.95 h, Non-R&D 0.00 h)
  Employee: Marta Abad Torrent
    @0.00 ISK/hr → 46.94 h  (R&D 46.94 h, Non-R&D 0.00 h)
    @3,671.88 ISK/hr → 106.21 h  (R&D 106.21 h, Non-R&D 0.00 h)
Project: TRACKWELL
  Employee: Jeff Thompson
    @0.00 ISK/hr → 31.39 h  (R&D 31.39 h, Non-R&D 0.00 h)
    @8,985.00 ISK/hr → 66.55 h  (R&D 66.55 h, Non-R&D 0.00 h)
  Employee: Kristinn R. Thórisson
    @0.00 ISK/hr → 38.06 h  (R&D 38.06 h, Non-R&D 0.00 h)
    @7,343.75 ISK/hr → 112.24 h  (R&D 112.24 h, Non-R&D 0.00 h)
  Employee: Goncalo Carvalho
    @0.00 ISK/hr → 162.59 h  (R&D 162.59 h, Non-R&D 0.00 h)
    @6,250.00 ISK/hr → 345.79 h  (R&D 345.79 h, Non-R&D 0.00 h)
  Employee: Mário Correia
    @0.00 ISK/hr → 99.83 h  (R&D 99.83 h, Non-R&D 0.00 h)
    @4,453.12 ISK/hr → 190.73 h  (R&D 190.73 h, Non-R&D 0.00 h)
  Employee: Marta Abad Torrent
    @0.00 ISK/hr → 94.13 h  (R&D 94.13 h, Non-R&D 0.00 h)
    @3,671.88 ISK/hr → 212.15 h  (R&D 212.15 h, Non-R&D 0.00 h)
----------------------------------------------------------------
================================================================


================= DIAGNOSTIC: OVERALL ALLOCATIONS (Rounded Values) ==================
Overall R&D      : Total available = 4748 hrs, Total allocated = 4748 hrs
Overall Non-R&D  : Total available = 0 hrs, Total allocated = 0 hrs
✓ Hour balance constraints exactly satisfied
  R&D: 0.0000 hrs difference (within 0.01 hr rounding tolerance)
  NonR&D: 0.0000 hrs difference (within 0.01 hr rounding tolerance)
  Max per-employee/day violations: R&D=0.0000, NonR&D=0.0000
===========================================================================================

================= DIAGNOSTIC: PROJECT COST DETAILS & TOPIC ALLOCATIONS =================
(Note: Rounded costs are from final rounded allocations. Solver costs are from normalized continuous solution, calculated after normalization to match actual allocations.)
Project 'EURIDICE':
  Grant:   52982264 ISK | Matching:   21192905 ISK | Overhead:          0 ISK | Total Target:   74175169 ISK
  Computed Cost (Rounded):    7128658 ISK | [Solver: 7101643]
  Relative Cost Deviation vs Residual Target (Solver): -90.4 %
  Total R&D Hours (Rounded):     1852
  Total Non-R&D Hours (Rounded):      0
  Topic Allocations (Rounded):
    General Info. System / Methodology:    617 hrs
    Data Processing / Data Mgmt:    617 hrs
    Training Env. / Artificial Pedagogy:    617 hrs
-------------------------------------------------------------
Project 'ICE-ID':
  Grant:    3000000 ISK | Matching:          0 ISK | Overhead:          0 ISK | Total Target:    3000000 ISK
  Computed Cost (Rounded):     293542 ISK | [Solver: 287225]
  Relative Cost Deviation vs Residual Target (Solver): -90.4 %
  Total R&D Hours (Rounded):       76
  Total Non-R&D Hours (Rounded):      0
  Topic Allocations (Rounded):
    General Info. System / Methodology:     20 hrs
    Cogn. Architecture / Hybrid Archi:     19 hrs
    Data Processing / Data Mgmt:     19 hrs
    Reasoning / Planning:     19 hrs
-------------------------------------------------------------
Project 'FRESH-ID':
  Grant:   26426000 ISK | Matching:    5662750 ISK | Overhead:          0 ISK | Total Target:   32088750 ISK
  Computed Cost (Rounded):    3029042 ISK | [Solver: 3072226]
  Relative Cost Deviation vs Residual Target (Solver): -90.4 %
  Total R&D Hours (Rounded):      787
  Total Non-R&D Hours (Rounded):      0
  Topic Allocations (Rounded):
    General Info. System / Methodology:    133 hrs
    Networks / Distributed Systems:    132 hrs
    System / Architecture Integration:    132 hrs
    Data Processing / Data Mgmt:    130 hrs
    Visualization / UX  :    130 hrs
    Modeling / Simulation:    130 hrs
-------------------------------------------------------------
Project 'AI-STYLIST':
  Grant:   22580000 ISK | Matching:    4680000 ISK | Overhead:          0 ISK | Total Target:   27260000 ISK
  Computed Cost (Rounded):    2616859 ISK | [Solver: 2609914]
  Relative Cost Deviation vs Residual Target (Solver): -90.4 %
  Total R&D Hours (Rounded):      680
  Total Non-R&D Hours (Rounded):      0
  Topic Allocations (Rounded):
    General Info. System / Methodology:    136 hrs
    System / Architecture Integration:    136 hrs
    Data Processing / Data Mgmt:    136 hrs
    Visualization / UX  :    136 hrs
    Modeling / Simulation:    136 hrs
-------------------------------------------------------------
Project 'TRACKWELL':
  Grant:   48004500 ISK | Matching:    6400600 ISK | Overhead:          0 ISK | Total Target:   54405100 ISK
  Computed Cost (Rounded):    5211735 ISK | [Solver: 5208827]
  Relative Cost Deviation vs Residual Target (Solver): -90.4 %
  Total R&D Hours (Rounded):     1353
  Total Non-R&D Hours (Rounded):      0
  Topic Allocations (Rounded):
    System / Architecture Integration:    272 hrs
    Data Processing / Data Mgmt:    272 hrs
    Spatial / Temporal Pattrn. Classification:    272 hrs
    Visualization / UX  :    270 hrs
    Modeling / Simulation:    268 hrs
-------------------------------------------------------------

Grand Total Computed Cost (Rounded Allocations):     18279834
Grand Total Target Cost:                            152992764
Overall Relative Deviation (Sum of Solver Costs vs Sum of Original Target Costs):-88.1 %
==========================================================================================

(No matching-fund rules defined.)
